exports[`StatPanel compares component to snapshot 1`] = `
<div>
  <div
    className="panel panel-default"
    id={null}
    style={
      Object {
        "wordWrap": "break-word",
      }
    }>
    <div
      aria-expanded={null}
      aria-hidden={false}
      className="panel-collapse collapse in"
      id={undefined}
      role={undefined}>
      <div
        className="panel-body">
        hello world
      </div>
    </div>
  </div>
</div>
`;
